// Jest Snapshot v1, https://goo.gl/fbAQLP

exports[`Message Default render 1`] = `
<div
  className=""
  color="info"
  role="message"
>
  <div
    className=""
    color="info"
  >
    <svg
      aria-hidden="true"
      fill="currentColor"
      focusable={false}
      viewBox="0 0 24 24"
      xmlns="http://www.w3.org/2000/svg"
    >
      <path
        d="M12 2C6.48 2 2 6.48 2 12s4.48 10 10 10 10-4.48 10-10S17.52 2 12 2zm1 15h-2v-6h2v6zm0-8h-2V7h2v2z"
      />
    </svg>
    info
  </div>
  <div
    className=""
    color="info"
  />
</div>
`;
