// Jest Snapshot v1, https://goo.gl/fbAQLP

exports[`Card Renders correctly 1`] = `
<div>
  This is a simple card
</div>
`;
