// Jest Snapshot v1, https://goo.gl/fbAQLP

exports[`Paper Renders correctly 1`] = `
<section
  className=""
/>
`;
