// Jest Snapshot v1, https://goo.gl/fbAQLP

exports[`Card Default render 1`] = `
<section
  className=""
>
  <header
    className=""
  >
    Lorem ipsum dolor sit amet consectetur.
  </header>
  <div
    className=""
  >
    Lorem ipsum dolor sit amet consectetur adipisicing elit. A in libero accusantium sunt dolore repellat molestiae animi quod, cum dicta, quis rem fugiat harum quasi hic tempora aliquid! Aperiam, consectetur. Quisquam fuga eveniet et molestias beatae excepturi eaque porro officia! Veritatis, necessitatibus quam quibusdam officiis quia tempora quidem voluptas, nihil ipsam reprehenderit, veniam accusantium. Rerum obcaecati dolorum doloremque quod illum. Doloremque optio debitis enim nam unde quod ducimus, nesciunt obcaecati aspernatur aliquam consectetur a provident aliquid quasi officia cupiditate rerum necessitatibus distinctio blanditiis incidunt amet hic cum dolorum assumenda? Recusandae! Ipsa et, esse enim quae laudantium placeat sequi nisi est consectetur omnis. Ducimus, vitae fuga? Dolorem dolor, qui nisi laudantium tenetur totam id quisquam voluptatem maxime molestiae libero provident commodi?
  </div>
  <footer
    className=""
  >
    Lorem ipsum dolor sit amet.
  </footer>
</section>
`;

exports[`Card card with accent 1`] = `
<section
  className=""
  href="https://google.com"
>
  <a
    href="https://google.com"
  >
    <header
      className=""
    >
      Lorem ipsum dolor sit amet consectetur.
      <a
        className=""
        href="https://google.com"
        target="_blank"
      >
        <svg
          className=""
          fill="currentColor"
          viewBox="0 0 20 20"
          xmlns="http://www.w3.org/2000/svg"
        >
          <path
            d="M11 3a1 1 0 100 2h2.586l-6.293 6.293a1 1 0 101.414 1.414L15 6.414V9a1 1 0 102 0V4a1 1 0 00-1-1h-5z"
          />
          <path
            d="M5 5a2 2 0 00-2 2v8a2 2 0 002 2h8a2 2 0 002-2v-3a1 1 0 10-2 0v3H5V7h3a1 1 0 000-2H5z"
          />
        </svg>
      </a>
    </header>
    <div
      className=""
    >
      Lorem ipsum dolor sit amet consectetur adipisicing elit. A in libero accusantium sunt dolore repellat molestiae animi quod, cum dicta, quis rem fugiat harum quasi hic tempora aliquid! Aperiam, consectetur. Quisquam fuga eveniet et molestias beatae excepturi eaque porro officia! Veritatis, necessitatibus quam quibusdam officiis quia tempora quidem voluptas, nihil ipsam reprehenderit, veniam accusantium. Rerum obcaecati dolorum doloremque quod illum. Doloremque optio debitis enim nam unde quod ducimus, nesciunt obcaecati aspernatur aliquam consectetur a provident aliquid quasi officia cupiditate rerum necessitatibus distinctio blanditiis incidunt amet hic cum dolorum assumenda? Recusandae! Ipsa et, esse enim quae laudantium placeat sequi nisi est consectetur omnis. Ducimus, vitae fuga? Dolorem dolor, qui nisi laudantium tenetur totam id quisquam voluptatem maxime molestiae libero provident commodi?
    </div>
    <footer
      className=""
    >
      Lorem ipsum dolor sit amet.
    </footer>
  </a>
</section>
`;

exports[`Card card with link 1`] = `
<section
  className=""
  href="https://google.com"
>
  <a
    href="https://google.com"
  >
    <header
      className=""
    >
      Lorem ipsum dolor sit amet consectetur.
      <a
        className=""
        href="https://google.com"
        target="_blank"
      >
        <svg
          className=""
          fill="currentColor"
          viewBox="0 0 20 20"
          xmlns="http://www.w3.org/2000/svg"
        >
          <path
            d="M11 3a1 1 0 100 2h2.586l-6.293 6.293a1 1 0 101.414 1.414L15 6.414V9a1 1 0 102 0V4a1 1 0 00-1-1h-5z"
          />
          <path
            d="M5 5a2 2 0 00-2 2v8a2 2 0 002 2h8a2 2 0 002-2v-3a1 1 0 10-2 0v3H5V7h3a1 1 0 000-2H5z"
          />
        </svg>
      </a>
    </header>
    <div
      className=""
    >
      Lorem ipsum dolor sit amet consectetur adipisicing elit. A in libero accusantium sunt dolore repellat molestiae animi quod, cum dicta, quis rem fugiat harum quasi hic tempora aliquid! Aperiam, consectetur. Quisquam fuga eveniet et molestias beatae excepturi eaque porro officia! Veritatis, necessitatibus quam quibusdam officiis quia tempora quidem voluptas, nihil ipsam reprehenderit, veniam accusantium. Rerum obcaecati dolorum doloremque quod illum. Doloremque optio debitis enim nam unde quod ducimus, nesciunt obcaecati aspernatur aliquam consectetur a provident aliquid quasi officia cupiditate rerum necessitatibus distinctio blanditiis incidunt amet hic cum dolorum assumenda? Recusandae! Ipsa et, esse enim quae laudantium placeat sequi nisi est consectetur omnis. Ducimus, vitae fuga? Dolorem dolor, qui nisi laudantium tenetur totam id quisquam voluptatem maxime molestiae libero provident commodi?
    </div>
    <footer
      className=""
    >
      Lorem ipsum dolor sit amet.
    </footer>
  </a>
</section>
`;

exports[`Card dark mode card 1`] = `
<section
  className=""
  href="https://google.com"
>
  <a
    href="https://google.com"
  >
    <header
      className=""
    >
      Lorem ipsum dolor sit amet consectetur.
      <a
        className=""
        href="https://google.com"
        target="_blank"
      >
        <svg
          className=""
          fill="currentColor"
          viewBox="0 0 20 20"
          xmlns="http://www.w3.org/2000/svg"
        >
          <path
            d="M11 3a1 1 0 100 2h2.586l-6.293 6.293a1 1 0 101.414 1.414L15 6.414V9a1 1 0 102 0V4a1 1 0 00-1-1h-5z"
          />
          <path
            d="M5 5a2 2 0 00-2 2v8a2 2 0 002 2h8a2 2 0 002-2v-3a1 1 0 10-2 0v3H5V7h3a1 1 0 000-2H5z"
          />
        </svg>
      </a>
    </header>
    <div
      className=""
    >
      Lorem ipsum dolor sit amet consectetur adipisicing elit. A in libero accusantium sunt dolore repellat molestiae animi quod, cum dicta, quis rem fugiat harum quasi hic tempora aliquid! Aperiam, consectetur. Quisquam fuga eveniet et molestias beatae excepturi eaque porro officia! Veritatis, necessitatibus quam quibusdam officiis quia tempora quidem voluptas, nihil ipsam reprehenderit, veniam accusantium. Rerum obcaecati dolorum doloremque quod illum. Doloremque optio debitis enim nam unde quod ducimus, nesciunt obcaecati aspernatur aliquam consectetur a provident aliquid quasi officia cupiditate rerum necessitatibus distinctio blanditiis incidunt amet hic cum dolorum assumenda? Recusandae! Ipsa et, esse enim quae laudantium placeat sequi nisi est consectetur omnis. Ducimus, vitae fuga? Dolorem dolor, qui nisi laudantium tenetur totam id quisquam voluptatem maxime molestiae libero provident commodi?
    </div>
    <footer
      className=""
    >
      Lorem ipsum dolor sit amet.
    </footer>
  </a>
</section>
`;

exports[`Card not rounded 1`] = `
<section
  className=""
>
  <header
    className=""
  >
    Lorem ipsum dolor sit amet consectetur.
  </header>
  <div
    className=""
  >
    Lorem ipsum dolor sit amet consectetur adipisicing elit. A in libero accusantium sunt dolore repellat molestiae animi quod, cum dicta, quis rem fugiat harum quasi hic tempora aliquid! Aperiam, consectetur. Quisquam fuga eveniet et molestias beatae excepturi eaque porro officia! Veritatis, necessitatibus quam quibusdam officiis quia tempora quidem voluptas, nihil ipsam reprehenderit, veniam accusantium. Rerum obcaecati dolorum doloremque quod illum. Doloremque optio debitis enim nam unde quod ducimus, nesciunt obcaecati aspernatur aliquam consectetur a provident aliquid quasi officia cupiditate rerum necessitatibus distinctio blanditiis incidunt amet hic cum dolorum assumenda? Recusandae! Ipsa et, esse enim quae laudantium placeat sequi nisi est consectetur omnis. Ducimus, vitae fuga? Dolorem dolor, qui nisi laudantium tenetur totam id quisquam voluptatem maxime molestiae libero provident commodi?
  </div>
  <footer
    className=""
  >
    Lorem ipsum dolor sit amet.
  </footer>
</section>
`;
